{
  "65000965": 2,
  "136802021": 1,
  "confirmed": {
    "10323371": 136802021
  }
}
